// Jest Snapshot v1, https://goo.gl/fbAQLP

exports[`Card Card should render without props 1`] = `
<div
  className="card"
>
  <img
    className="card-img"
  />
  <div
    className="title"
  >
    <span>
      :
    </span>
    <span>
       undefined
    </span>
  </div>
  <div />
</div>
`;
